172.17.0.1 - - [27/Apr/2019:13:19:17 +0000] "GET / HTTP/1.1" 404 496 "-" "Mozilla/5.0 (Macintosh; Intel Mac OS X 10_13_6) AppleWebKit/605.1.15 (KHTML, like Gecko) Version/12.1 Safari/605.1.15"
172.17.0.1 - - [27/Apr/2019:23:27:00 +0000] "GET / HTTP/1.1" 404 491 "-" "Mozilla/5.0 (Macintosh; Intel Mac OS X 10_13_6) AppleWebKit/605.1.15 (KHTML, like Gecko) Version/12.1 Safari/605.1.15"
172.17.0.1 - - [27/Apr/2019:23:27:33 +0000] "GET / HTTP/1.1" 404 491 "-" "Mozilla/5.0 (Macintosh; Intel Mac OS X 10_13_6) AppleWebKit/605.1.15 (KHTML, like Gecko) Version/12.1 Safari/605.1.15"
172.17.0.1 - - [27/Apr/2019:23:38:29 +0000] "GET / HTTP/1.1" 404 491 "-" "Mozilla/5.0 (Macintosh; Intel Mac OS X 10_13_6) AppleWebKit/605.1.15 (KHTML, like Gecko) Version/12.1 Safari/605.1.15"
172.17.0.1 - - [27/Apr/2019:23:42:30 +0000] "GET / HTTP/1.1" 200 233 "-" "Mozilla/5.0 (Macintosh; Intel Mac OS X 10_13_6) AppleWebKit/605.1.15 (KHTML, like Gecko) Version/12.1 Safari/605.1.15"
172.18.0.1 - - [28/Apr/2019:01:23:45 +0000] "GET / HTTP/1.1" 404 509 "-" "Mozilla/5.0 (Macintosh; Intel Mac OS X 10_13_6) AppleWebKit/605.1.15 (KHTML, like Gecko) Version/12.1 Safari/605.1.15"
172.18.0.1 - - [28/Apr/2019:01:23:45 +0000] "GET /favicon.ico HTTP/1.1" 404 520 "http://www.worldwidehomedepot.local/" "Mozilla/5.0 (Macintosh; Intel Mac OS X 10_13_6) AppleWebKit/605.1.15 (KHTML, like Gecko) Version/12.1 Safari/605.1.15"
172.18.0.1 - - [28/Apr/2019:01:23:46 +0000] "GET / HTTP/1.1" 404 505 "-" "Mozilla/5.0 (Macintosh; Intel Mac OS X 10_13_6) AppleWebKit/605.1.15 (KHTML, like Gecko) Version/12.1 Safari/605.1.15"
172.18.0.1 - - [28/Apr/2019:01:23:46 +0000] "GET /favicon.ico HTTP/1.1" 404 516 "http://worldwidehomedepot.local/" "Mozilla/5.0 (Macintosh; Intel Mac OS X 10_13_6) AppleWebKit/605.1.15 (KHTML, like Gecko) Version/12.1 Safari/605.1.15"
172.18.0.1 - - [28/Apr/2019:01:24:20 +0000] "GET / HTTP/1.1" 200 233 "-" "Mozilla/5.0 (Macintosh; Intel Mac OS X 10_13_6) AppleWebKit/605.1.15 (KHTML, like Gecko) Version/12.1 Safari/605.1.15"
172.18.0.1 - - [28/Apr/2019:01:24:27 +0000] "GET / HTTP/1.1" 200 24958 "-" "Mozilla/5.0 (Macintosh; Intel Mac OS X 10_13_6) AppleWebKit/605.1.15 (KHTML, like Gecko) Version/12.1 Safari/605.1.15"
172.18.0.1 - - [28/Apr/2019:01:24:30 +0000] "GET / HTTP/1.1" 404 505 "-" "Mozilla/5.0 (Macintosh; Intel Mac OS X 10_13_6) AppleWebKit/605.1.15 (KHTML, like Gecko) Version/12.1 Safari/605.1.15"
172.18.0.1 - - [28/Apr/2019:01:25:00 +0000] "GET / HTTP/1.1" 404 505 "-" "Mozilla/5.0 (Macintosh; Intel Mac OS X 10_13_6) AppleWebKit/605.1.15 (KHTML, like Gecko) Version/12.1 Safari/605.1.15"
172.18.0.1 - - [28/Apr/2019:01:25:03 +0000] "GET / HTTP/1.1" 404 504 "-" "Mozilla/5.0 (Macintosh; Intel Mac OS X 10_13_6) AppleWebKit/605.1.15 (KHTML, like Gecko) Version/12.1 Safari/605.1.15"
172.18.0.1 - - [28/Apr/2019:01:27:11 +0000] "GET / HTTP/1.1" 302 301 "-" "Mozilla/5.0 (Macintosh; Intel Mac OS X 10_13_6) AppleWebKit/605.1.15 (KHTML, like Gecko) Version/12.1 Safari/605.1.15"
172.18.0.1 - - [28/Apr/2019:01:27:11 +0000] "GET /wp-admin/setup-config.php HTTP/1.1" 200 4235 "-" "Mozilla/5.0 (Macintosh; Intel Mac OS X 10_13_6) AppleWebKit/605.1.15 (KHTML, like Gecko) Version/12.1 Safari/605.1.15"
172.18.0.1 - - [28/Apr/2019:01:27:15 +0000] "GET /wp-includes/css/buttons.min.css?ver=5.1.1 HTTP/1.1" 200 1851 "http://worldwidehomedepot.local/wp-admin/setup-config.php" "Mozilla/5.0 (Macintosh; Intel Mac OS X 10_13_6) AppleWebKit/605.1.15 (KHTML, like Gecko) Version/12.1 Safari/605.1.15"
172.18.0.1 - - [28/Apr/2019:01:27:15 +0000] "GET /wp-admin/js/language-chooser.min.js?ver=5.1.1 HTTP/1.1" 200 590 "http://worldwidehomedepot.local/wp-admin/setup-config.php" "Mozilla/5.0 (Macintosh; Intel Mac OS X 10_13_6) AppleWebKit/605.1.15 (KHTML, like Gecko) Version/12.1 Safari/605.1.15"
172.18.0.1 - - [28/Apr/2019:01:27:15 +0000] "GET /wp-admin/css/install.min.css?ver=5.1.1 HTTP/1.1" 200 2347 "http://worldwidehomedepot.local/wp-admin/setup-config.php" "Mozilla/5.0 (Macintosh; Intel Mac OS X 10_13_6) AppleWebKit/605.1.15 (KHTML, like Gecko) Version/12.1 Safari/605.1.15"
172.18.0.1 - - [28/Apr/2019:01:27:15 +0000] "GET /wp-includes/js/jquery/jquery-migrate.min.js?ver=1.4.1 HTTP/1.1" 200 4366 "http://worldwidehomedepot.local/wp-admin/setup-config.php" "Mozilla/5.0 (Macintosh; Intel Mac OS X 10_13_6) AppleWebKit/605.1.15 (KHTML, like Gecko) Version/12.1 Safari/605.1.15"
172.18.0.1 - - [28/Apr/2019:01:27:15 +0000] "GET /wp-includes/js/jquery/jquery.js?ver=1.12.4 HTTP/1.1" 200 34120 "http://worldwidehomedepot.local/wp-admin/setup-config.php" "Mozilla/5.0 (Macintosh; Intel Mac OS X 10_13_6) AppleWebKit/605.1.15 (KHTML, like Gecko) Version/12.1 Safari/605.1.15"
172.18.0.1 - - [28/Apr/2019:01:27:15 +0000] "GET /wp-admin/images/wordpress-logo.svg?ver=20131107 HTTP/1.1" 200 1810 "http://worldwidehomedepot.local/wp-admin/setup-config.php" "Mozilla/5.0 (Macintosh; Intel Mac OS X 10_13_6) AppleWebKit/605.1.15 (KHTML, like Gecko) Version/12.1 Safari/605.1.15"
172.18.0.1 - - [28/Apr/2019:01:27:15 +0000] "GET /wp-admin/images/spinner.gif HTTP/1.1" 200 3941 "http://worldwidehomedepot.local/wp-admin/setup-config.php" "Mozilla/5.0 (Macintosh; Intel Mac OS X 10_13_6) AppleWebKit/605.1.15 (KHTML, like Gecko) Version/12.1 Safari/605.1.15"
172.18.0.1 - - [28/Apr/2019:01:27:15 +0000] "GET /favicon.ico HTTP/1.1" 404 516 "http://worldwidehomedepot.local/wp-admin/setup-config.php" "Mozilla/5.0 (Macintosh; Intel Mac OS X 10_13_6) AppleWebKit/605.1.15 (KHTML, like Gecko) Version/12.1 Safari/605.1.15"
172.18.0.1 - - [28/Apr/2019:01:27:17 +0000] "POST /wp-admin/setup-config.php?step=0 HTTP/1.1" 200 1408 "http://worldwidehomedepot.local/wp-admin/setup-config.php" "Mozilla/5.0 (Macintosh; Intel Mac OS X 10_13_6) AppleWebKit/605.1.15 (KHTML, like Gecko) Version/12.1 Safari/605.1.15"
172.18.0.1 - - [28/Apr/2019:01:27:18 +0000] "GET /favicon.ico HTTP/1.1" 404 515 "http://worldwidehomedepot.local/wp-admin/setup-config.php?step=0" "Mozilla/5.0 (Macintosh; Intel Mac OS X 10_13_6) AppleWebKit/605.1.15 (KHTML, like Gecko) Version/12.1 Safari/605.1.15"
127.0.0.1 - - [28/Apr/2019:01:27:20 +0000] "OPTIONS * HTTP/1.0" 200 126 "-" "Apache/2.4.25 (Debian) PHP/7.2.17 (internal dummy connection)"
172.18.0.1 - - [28/Apr/2019:01:27:20 +0000] "GET /wp-admin/setup-config.php?step=1 HTTP/1.1" 200 1419 "http://worldwidehomedepot.local/wp-admin/setup-config.php?step=0" "Mozilla/5.0 (Macintosh; Intel Mac OS X 10_13_6) AppleWebKit/605.1.15 (KHTML, like Gecko) Version/12.1 Safari/605.1.15"
172.18.0.1 - - [28/Apr/2019:01:27:21 +0000] "GET /favicon.ico HTTP/1.1" 404 515 "http://worldwidehomedepot.local/wp-admin/setup-config.php?step=1" "Mozilla/5.0 (Macintosh; Intel Mac OS X 10_13_6) AppleWebKit/605.1.15 (KHTML, like Gecko) Version/12.1 Safari/605.1.15"
127.0.0.1 - - [28/Apr/2019:01:27:21 +0000] "OPTIONS * HTTP/1.0" 200 126 "-" "Apache/2.4.25 (Debian) PHP/7.2.17 (internal dummy connection)"
172.18.0.1 - - [28/Apr/2019:01:27:25 +0000] "GET / HTTP/1.1" 404 490 "-" "Mozilla/5.0 (Macintosh; Intel Mac OS X 10_13_6) AppleWebKit/605.1.15 (KHTML, like Gecko) Version/12.1 Safari/605.1.15"
127.0.0.1 - - [28/Apr/2019:01:27:26 +0000] "OPTIONS * HTTP/1.0" 200 126 "-" "Apache/2.4.25 (Debian) PHP/7.2.17 (internal dummy connection)"
127.0.0.1 - - [28/Apr/2019:01:27:30 +0000] "OPTIONS * HTTP/1.0" 200 126 "-" "Apache/2.4.25 (Debian) PHP/7.2.17 (internal dummy connection)"
172.18.0.1 - - [28/Apr/2019:01:56:35 +0000] "GET /wp-admin/setup-config.php HTTP/1.1" 200 4236 "-" "Mozilla/5.0 (Macintosh; Intel Mac OS X 10_13_6) AppleWebKit/605.1.15 (KHTML, like Gecko) Version/12.1 Safari/605.1.15"
172.18.0.1 - - [28/Apr/2019:01:56:38 +0000] "GET /wp-admin/css/install.min.css?ver=5.1.1 HTTP/1.1" 200 2346 "http://worldwidehomedepot.local/wp-admin/setup-config.php" "Mozilla/5.0 (Macintosh; Intel Mac OS X 10_13_6) AppleWebKit/605.1.15 (KHTML, like Gecko) Version/12.1 Safari/605.1.15"
172.18.0.1 - - [28/Apr/2019:01:56:38 +0000] "GET /wp-includes/css/buttons.min.css?ver=5.1.1 HTTP/1.1" 200 1852 "http://worldwidehomedepot.local/wp-admin/setup-config.php" "Mozilla/5.0 (Macintosh; Intel Mac OS X 10_13_6) AppleWebKit/605.1.15 (KHTML, like Gecko) Version/12.1 Safari/605.1.15"
172.18.0.1 - - [28/Apr/2019:01:56:38 +0000] "GET /wp-admin/js/language-chooser.min.js?ver=5.1.1 HTTP/1.1" 200 590 "http://worldwidehomedepot.local/wp-admin/setup-config.php" "Mozilla/5.0 (Macintosh; Intel Mac OS X 10_13_6) AppleWebKit/605.1.15 (KHTML, like Gecko) Version/12.1 Safari/605.1.15"
172.18.0.1 - - [28/Apr/2019:01:56:38 +0000] "GET /wp-includes/js/jquery/jquery-migrate.min.js?ver=1.4.1 HTTP/1.1" 200 4366 "http://worldwidehomedepot.local/wp-admin/setup-config.php" "Mozilla/5.0 (Macintosh; Intel Mac OS X 10_13_6) AppleWebKit/605.1.15 (KHTML, like Gecko) Version/12.1 Safari/605.1.15"
172.18.0.1 - - [28/Apr/2019:01:56:38 +0000] "GET /wp-includes/js/jquery/jquery.js?ver=1.12.4 HTTP/1.1" 200 34120 "http://worldwidehomedepot.local/wp-admin/setup-config.php" "Mozilla/5.0 (Macintosh; Intel Mac OS X 10_13_6) AppleWebKit/605.1.15 (KHTML, like Gecko) Version/12.1 Safari/605.1.15"
172.18.0.1 - - [28/Apr/2019:01:56:38 +0000] "GET /wp-admin/images/wordpress-logo.svg?ver=20131107 HTTP/1.1" 304 180 "http://worldwidehomedepot.local/wp-admin/setup-config.php" "Mozilla/5.0 (Macintosh; Intel Mac OS X 10_13_6) AppleWebKit/605.1.15 (KHTML, like Gecko) Version/12.1 Safari/605.1.15"
172.18.0.1 - - [28/Apr/2019:01:56:38 +0000] "GET /wp-admin/images/spinner.gif HTTP/1.1" 304 180 "http://worldwidehomedepot.local/wp-admin/setup-config.php" "Mozilla/5.0 (Macintosh; Intel Mac OS X 10_13_6) AppleWebKit/605.1.15 (KHTML, like Gecko) Version/12.1 Safari/605.1.15"
172.18.0.1 - - [28/Apr/2019:01:56:40 +0000] "POST /wp-admin/setup-config.php?step=0 HTTP/1.1" 200 1408 "http://worldwidehomedepot.local/wp-admin/setup-config.php" "Mozilla/5.0 (Macintosh; Intel Mac OS X 10_13_6) AppleWebKit/605.1.15 (KHTML, like Gecko) Version/12.1 Safari/605.1.15"
127.0.0.1 - - [28/Apr/2019:01:56:43 +0000] "OPTIONS * HTTP/1.0" 200 126 "-" "Apache/2.4.25 (Debian) PHP/7.2.17 (internal dummy connection)"
172.18.0.1 - - [28/Apr/2019:01:56:42 +0000] "GET /wp-admin/setup-config.php?step=1 HTTP/1.1" 200 1419 "http://worldwidehomedepot.local/wp-admin/setup-config.php?step=0" "Mozilla/5.0 (Macintosh; Intel Mac OS X 10_13_6) AppleWebKit/605.1.15 (KHTML, like Gecko) Version/12.1 Safari/605.1.15"
127.0.0.1 - - [28/Apr/2019:01:56:44 +0000] "OPTIONS * HTTP/1.0" 200 126 "-" "Apache/2.4.25 (Debian) PHP/7.2.17 (internal dummy connection)"
127.0.0.1 - - [28/Apr/2019:01:56:49 +0000] "OPTIONS * HTTP/1.0" 200 126 "-" "Apache/2.4.25 (Debian) PHP/7.2.17 (internal dummy connection)"
172.18.0.1 - - [28/Apr/2019:01:56:55 +0000] "POST /wp-admin/setup-config.php?step=2 HTTP/1.1" 500 3889 "http://worldwidehomedepot.local/wp-admin/setup-config.php?step=1" "Mozilla/5.0 (Macintosh; Intel Mac OS X 10_13_6) AppleWebKit/605.1.15 (KHTML, like Gecko) Version/12.1 Safari/605.1.15"
172.18.0.1 - - [28/Apr/2019:01:56:57 +0000] "GET /favicon.ico HTTP/1.1" 404 516 "http://worldwidehomedepot.local/wp-admin/setup-config.php?step=2" "Mozilla/5.0 (Macintosh; Intel Mac OS X 10_13_6) AppleWebKit/605.1.15 (KHTML, like Gecko) Version/12.1 Safari/605.1.15"
172.18.0.1 - - [28/Apr/2019:01:57:30 +0000] "POST /wp-admin/setup-config.php?step=2 HTTP/1.1" 500 3889 "http://worldwidehomedepot.local/wp-admin/setup-config.php?step=1" "Mozilla/5.0 (Macintosh; Intel Mac OS X 10_13_6) AppleWebKit/605.1.15 (KHTML, like Gecko) Version/12.1 Safari/605.1.15"
172.18.0.1 - - [28/Apr/2019:01:58:51 +0000] "POST /wp-admin/setup-config.php?step=2 HTTP/1.1" 500 3889 "http://worldwidehomedepot.local/wp-admin/setup-config.php?step=1" "Mozilla/5.0 (Macintosh; Intel Mac OS X 10_13_6) AppleWebKit/605.1.15 (KHTML, like Gecko) Version/12.1 Safari/605.1.15"
172.18.0.1 - - [28/Apr/2019:01:58:56 +0000] "POST /wp-admin/setup-config.php?step=2 HTTP/1.1" 500 3889 "http://worldwidehomedepot.local/wp-admin/setup-config.php?step=1" "Mozilla/5.0 (Macintosh; Intel Mac OS X 10_13_6) AppleWebKit/605.1.15 (KHTML, like Gecko) Version/12.1 Safari/605.1.15"
172.18.0.1 - - [28/Apr/2019:02:22:28 +0000] "POST /wp-admin/setup-config.php?step=2 HTTP/1.1" 404 530 "http://worldwidehomedepot.local/wp-admin/setup-config.php?step=1" "Mozilla/5.0 (Macintosh; Intel Mac OS X 10_13_6) AppleWebKit/605.1.15 (KHTML, like Gecko) Version/12.1 Safari/605.1.15"
172.18.0.1 - - [28/Apr/2019:02:22:35 +0000] "GET /wp-admin/setup-config.php?step=1 HTTP/1.1" 404 530 "http://worldwidehomedepot.local/wp-admin/setup-config.php?step=0" "Mozilla/5.0 (Macintosh; Intel Mac OS X 10_13_6) AppleWebKit/605.1.15 (KHTML, like Gecko) Version/12.1 Safari/605.1.15"
172.18.0.1 - - [28/Apr/2019:02:24:58 +0000] "GET /wp-admin/setup-config.php?step=1 HTTP/1.1" 200 1420 "http://worldwidehomedepot.local/wp-admin/setup-config.php?step=0" "Mozilla/5.0 (Macintosh; Intel Mac OS X 10_13_6) AppleWebKit/605.1.15 (KHTML, like Gecko) Version/12.1 Safari/605.1.15"
172.18.0.1 - - [28/Apr/2019:02:25:00 +0000] "GET /wp-admin/setup-config.php?step=1 HTTP/1.1" 200 1420 "http://worldwidehomedepot.local/wp-admin/setup-config.php?step=0" "Mozilla/5.0 (Macintosh; Intel Mac OS X 10_13_6) AppleWebKit/605.1.15 (KHTML, like Gecko) Version/12.1 Safari/605.1.15"
172.18.0.1 - - [28/Apr/2019:02:25:01 +0000] "GET /wp-admin/css/install.min.css?ver=5.1.1 HTTP/1.1" 200 2346 "http://worldwidehomedepot.local/wp-admin/setup-config.php?step=1" "Mozilla/5.0 (Macintosh; Intel Mac OS X 10_13_6) AppleWebKit/605.1.15 (KHTML, like Gecko) Version/12.1 Safari/605.1.15"
172.18.0.1 - - [28/Apr/2019:02:25:01 +0000] "GET /wp-admin/js/language-chooser.min.js?ver=5.1.1 HTTP/1.1" 200 590 "http://worldwidehomedepot.local/wp-admin/setup-config.php?step=1" "Mozilla/5.0 (Macintosh; Intel Mac OS X 10_13_6) AppleWebKit/605.1.15 (KHTML, like Gecko) Version/12.1 Safari/605.1.15"
172.18.0.1 - - [28/Apr/2019:02:25:01 +0000] "GET /wp-includes/css/buttons.min.css?ver=5.1.1 HTTP/1.1" 200 1852 "http://worldwidehomedepot.local/wp-admin/setup-config.php?step=1" "Mozilla/5.0 (Macintosh; Intel Mac OS X 10_13_6) AppleWebKit/605.1.15 (KHTML, like Gecko) Version/12.1 Safari/605.1.15"
172.18.0.1 - - [28/Apr/2019:02:25:01 +0000] "GET /wp-includes/js/jquery/jquery-migrate.min.js?ver=1.4.1 HTTP/1.1" 200 4366 "http://worldwidehomedepot.local/wp-admin/setup-config.php?step=1" "Mozilla/5.0 (Macintosh; Intel Mac OS X 10_13_6) AppleWebKit/605.1.15 (KHTML, like Gecko) Version/12.1 Safari/605.1.15"
172.18.0.1 - - [28/Apr/2019:02:25:01 +0000] "GET /wp-includes/js/jquery/jquery.js?ver=1.12.4 HTTP/1.1" 200 34120 "http://worldwidehomedepot.local/wp-admin/setup-config.php?step=1" "Mozilla/5.0 (Macintosh; Intel Mac OS X 10_13_6) AppleWebKit/605.1.15 (KHTML, like Gecko) Version/12.1 Safari/605.1.15"
172.18.0.1 - - [28/Apr/2019:02:25:01 +0000] "GET /wp-admin/images/wordpress-logo.svg?ver=20131107 HTTP/1.1" 304 180 "http://worldwidehomedepot.local/wp-admin/setup-config.php?step=1" "Mozilla/5.0 (Macintosh; Intel Mac OS X 10_13_6) AppleWebKit/605.1.15 (KHTML, like Gecko) Version/12.1 Safari/605.1.15"
127.0.0.1 - - [28/Apr/2019:02:25:06 +0000] "OPTIONS * HTTP/1.0" 200 126 "-" "Apache/2.4.25 (Debian) PHP/7.2.17 (internal dummy connection)"
127.0.0.1 - - [28/Apr/2019:02:25:07 +0000] "OPTIONS * HTTP/1.0" 200 126 "-" "Apache/2.4.25 (Debian) PHP/7.2.17 (internal dummy connection)"
127.0.0.1 - - [28/Apr/2019:02:25:08 +0000] "OPTIONS * HTTP/1.0" 200 126 "-" "Apache/2.4.25 (Debian) PHP/7.2.17 (internal dummy connection)"
172.18.0.1 - - [28/Apr/2019:02:26:25 +0000] "POST /wp-admin/setup-config.php?step=2 HTTP/1.1" 500 3889 "http://worldwidehomedepot.local/wp-admin/setup-config.php?step=1" "Mozilla/5.0 (Macintosh; Intel Mac OS X 10_13_6) AppleWebKit/605.1.15 (KHTML, like Gecko) Version/12.1 Safari/605.1.15"
172.18.0.1 - - [28/Apr/2019:02:27:09 +0000] "POST /wp-admin/setup-config.php?step=2 HTTP/1.1" 200 1046 "http://worldwidehomedepot.local/wp-admin/setup-config.php?step=1" "Mozilla/5.0 (Macintosh; Intel Mac OS X 10_13_6) AppleWebKit/605.1.15 (KHTML, like Gecko) Version/12.1 Safari/605.1.15"
172.18.0.1 - - [28/Apr/2019:02:27:12 +0000] "GET /wp-admin/install.php?language=en_US HTTP/1.1" 200 2515 "http://worldwidehomedepot.local/wp-admin/setup-config.php?step=2" "Mozilla/5.0 (Macintosh; Intel Mac OS X 10_13_6) AppleWebKit/605.1.15 (KHTML, like Gecko) Version/12.1 Safari/605.1.15"
172.18.0.1 - - [28/Apr/2019:02:27:15 +0000] "GET /wp-includes/css/dashicons.min.css?ver=5.1.1 HTTP/1.1" 200 28981 "http://worldwidehomedepot.local/wp-admin/install.php?language=en_US" "Mozilla/5.0 (Macintosh; Intel Mac OS X 10_13_6) AppleWebKit/605.1.15 (KHTML, like Gecko) Version/12.1 Safari/605.1.15"
172.18.0.1 - - [28/Apr/2019:02:27:15 +0000] "GET /wp-admin/js/password-strength-meter.min.js?ver=5.1.1 HTTP/1.1" 200 823 "http://worldwidehomedepot.local/wp-admin/install.php?language=en_US" "Mozilla/5.0 (Macintosh; Intel Mac OS X 10_13_6) AppleWebKit/605.1.15 (KHTML, like Gecko) Version/12.1 Safari/605.1.15"
172.18.0.1 - - [28/Apr/2019:02:27:15 +0000] "GET /wp-includes/js/underscore.min.js?ver=1.8.3 HTTP/1.1" 200 6063 "http://worldwidehomedepot.local/wp-admin/install.php?language=en_US" "Mozilla/5.0 (Macintosh; Intel Mac OS X 10_13_6) AppleWebKit/605.1.15 (KHTML, like Gecko) Version/12.1 Safari/605.1.15"
172.18.0.1 - - [28/Apr/2019:02:27:15 +0000] "GET /wp-includes/js/wp-util.min.js?ver=5.1.1 HTTP/1.1" 200 925 "http://worldwidehomedepot.local/wp-admin/install.php?language=en_US" "Mozilla/5.0 (Macintosh; Intel Mac OS X 10_13_6) AppleWebKit/605.1.15 (KHTML, like Gecko) Version/12.1 Safari/605.1.15"
172.18.0.1 - - [28/Apr/2019:02:27:15 +0000] "GET /wp-includes/js/zxcvbn-async.min.js?ver=1.0 HTTP/1.1" 200 582 "http://worldwidehomedepot.local/wp-admin/install.php?language=en_US" "Mozilla/5.0 (Macintosh; Intel Mac OS X 10_13_6) AppleWebKit/605.1.15 (KHTML, like Gecko) Version/12.1 Safari/605.1.15"
172.18.0.1 - - [28/Apr/2019:02:27:15 +0000] "GET /wp-admin/js/user-profile.min.js?ver=5.1.1 HTTP/1.1" 200 2624 "http://worldwidehomedepot.local/wp-admin/install.php?language=en_US" "Mozilla/5.0 (Macintosh; Intel Mac OS X 10_13_6) AppleWebKit/605.1.15 (KHTML, like Gecko) Version/12.1 Safari/605.1.15"
172.18.0.1 - - [28/Apr/2019:02:27:15 +0000] "GET /favicon.ico HTTP/1.1" 404 516 "http://worldwidehomedepot.local/wp-admin/install.php?language=en_US" "Mozilla/5.0 (Macintosh; Intel Mac OS X 10_13_6) AppleWebKit/605.1.15 (KHTML, like Gecko) Version/12.1 Safari/605.1.15"
172.18.0.1 - - [28/Apr/2019:02:27:15 +0000] "GET /wp-includes/js/zxcvbn.min.js HTTP/1.1" 200 400374 "http://worldwidehomedepot.local/wp-admin/install.php?language=en_US" "Mozilla/5.0 (Macintosh; Intel Mac OS X 10_13_6) AppleWebKit/605.1.15 (KHTML, like Gecko) Version/12.1 Safari/605.1.15"
127.0.0.1 - - [28/Apr/2019:02:27:21 +0000] "OPTIONS * HTTP/1.0" 200 126 "-" "Apache/2.4.25 (Debian) PHP/7.2.17 (internal dummy connection)"
127.0.0.1 - - [28/Apr/2019:02:27:22 +0000] "OPTIONS * HTTP/1.0" 200 126 "-" "Apache/2.4.25 (Debian) PHP/7.2.17 (internal dummy connection)"
127.0.0.1 - - [28/Apr/2019:02:27:23 +0000] "OPTIONS * HTTP/1.0" 200 126 "-" "Apache/2.4.25 (Debian) PHP/7.2.17 (internal dummy connection)"
172.18.0.1 - - [28/Apr/2019:02:27:54 +0000] "POST /wp-admin/install.php?step=2 HTTP/1.1" 200 1502 "http://worldwidehomedepot.local/wp-admin/install.php?language=en_US" "Mozilla/5.0 (Macintosh; Intel Mac OS X 10_13_6) AppleWebKit/605.1.15 (KHTML, like Gecko) Version/12.1 Safari/605.1.15"
172.18.0.1 - - [28/Apr/2019:02:28:07 +0000] "GET /favicon.ico HTTP/1.1" 404 516 "http://worldwidehomedepot.local/wp-admin/install.php?step=2" "Mozilla/5.0 (Macintosh; Intel Mac OS X 10_13_6) AppleWebKit/605.1.15 (KHTML, like Gecko) Version/12.1 Safari/605.1.15"
172.18.0.1 - - [28/Apr/2019:02:28:48 +0000] "GET /wp-login.php HTTP/1.1" 200 1769 "http://worldwidehomedepot.local/wp-admin/install.php?step=2" "Mozilla/5.0 (Macintosh; Intel Mac OS X 10_13_6) AppleWebKit/605.1.15 (KHTML, like Gecko) Version/12.1 Safari/605.1.15"
172.18.0.1 - - [28/Apr/2019:02:28:49 +0000] "GET /wp-admin/css/forms.min.css?ver=5.1.1 HTTP/1.1" 200 5742 "http://worldwidehomedepot.local/wp-login.php" "Mozilla/5.0 (Macintosh; Intel Mac OS X 10_13_6) AppleWebKit/605.1.15 (KHTML, like Gecko) Version/12.1 Safari/605.1.15"
172.18.0.1 - - [28/Apr/2019:02:28:49 +0000] "GET /wp-admin/css/l10n.min.css?ver=5.1.1 HTTP/1.1" 200 1022 "http://worldwidehomedepot.local/wp-login.php" "Mozilla/5.0 (Macintosh; Intel Mac OS X 10_13_6) AppleWebKit/605.1.15 (KHTML, like Gecko) Version/12.1 Safari/605.1.15"
172.18.0.1 - - [28/Apr/2019:02:28:49 +0000] "GET /wp-admin/css/login.min.css?ver=5.1.1 HTTP/1.1" 200 7128 "http://worldwidehomedepot.local/wp-login.php" "Mozilla/5.0 (Macintosh; Intel Mac OS X 10_13_6) AppleWebKit/605.1.15 (KHTML, like Gecko) Version/12.1 Safari/605.1.15"
172.18.0.1 - - [28/Apr/2019:02:28:49 +0000] "GET /favicon.ico HTTP/1.1" 404 516 "http://worldwidehomedepot.local/wp-login.php" "Mozilla/5.0 (Macintosh; Intel Mac OS X 10_13_6) AppleWebKit/605.1.15 (KHTML, like Gecko) Version/12.1 Safari/605.1.15"
172.18.0.1 - - [28/Apr/2019:02:28:58 +0000] "POST /wp-login.php HTTP/1.1" 302 1143 "http://worldwidehomedepot.local/wp-login.php" "Mozilla/5.0 (Macintosh; Intel Mac OS X 10_13_6) AppleWebKit/605.1.15 (KHTML, like Gecko) Version/12.1 Safari/605.1.15"
172.18.0.1 - - [28/Apr/2019:02:29:00 +0000] "GET /wp-admin/ HTTP/1.1" 200 15349 "http://worldwidehomedepot.local/wp-login.php" "Mozilla/5.0 (Macintosh; Intel Mac OS X 10_13_6) AppleWebKit/605.1.15 (KHTML, like Gecko) Version/12.1 Safari/605.1.15"
172.18.0.1 - - [28/Apr/2019:02:29:07 +0000] "GET /wp-includes/js/thickbox/thickbox.css?ver=5.1.1 HTTP/1.1" 200 1268 "http://worldwidehomedepot.local/wp-admin/" "Mozilla/5.0 (Macintosh; Intel Mac OS X 10_13_6) AppleWebKit/605.1.15 (KHTML, like Gecko) Version/12.1 Safari/605.1.15"
172.18.0.1 - - [28/Apr/2019:02:29:07 +0000] "GET /wp-includes/css/editor.min.css?ver=5.1.1 HTTP/1.1" 200 6239 "http://worldwidehomedepot.local/wp-admin/" "Mozilla/5.0 (Macintosh; Intel Mac OS X 10_13_6) AppleWebKit/605.1.15 (KHTML, like Gecko) Version/12.1 Safari/605.1.15"
172.18.0.1 - - [28/Apr/2019:02:29:07 +0000] "GET /wp-includes/js/dist/vendor/wp-polyfill.min.js?ver=7.0.0 HTTP/1.1" 200 33221 "http://worldwidehomedepot.local/wp-admin/" "Mozilla/5.0 (Macintosh; Intel Mac OS X 10_13_6) AppleWebKit/605.1.15 (KHTML, like Gecko) Version/12.1 Safari/605.1.15"
172.18.0.1 - - [28/Apr/2019:02:29:07 +0000] "GET /wp-includes/js/heartbeat.min.js?ver=5.1.1 HTTP/1.1" 200 2397 "http://worldwidehomedepot.local/wp-admin/" "Mozilla/5.0 (Macintosh; Intel Mac OS X 10_13_6) AppleWebKit/605.1.15 (KHTML, like Gecko) Version/12.1 Safari/605.1.15"
172.18.0.1 - - [28/Apr/2019:02:29:07 +0000] "GET /wp-includes/js/dist/hooks.min.js?ver=2.0.5 HTTP/1.1" 200 2062 "http://worldwidehomedepot.local/wp-admin/" "Mozilla/5.0 (Macintosh; Intel Mac OS X 10_13_6) AppleWebKit/605.1.15 (KHTML, like Gecko) Version/12.1 Safari/605.1.15"
172.18.0.1 - - [28/Apr/2019:02:29:07 +0000] "GET /wp-includes/js/wplink.min.js?ver=5.1.1 HTTP/1.1" 200 4280 "http://worldwidehomedepot.local/wp-admin/" "Mozilla/5.0 (Macintosh; Intel Mac OS X 10_13_6) AppleWebKit/605.1.15 (KHTML, like Gecko) Version/12.1 Safari/605.1.15"
172.18.0.1 - - [28/Apr/2019:02:29:07 +0000] "GET /wp-includes/js/wp-auth-check.min.js?ver=5.1.1 HTTP/1.1" 200 1130 "http://worldwidehomedepot.local/wp-admin/" "Mozilla/5.0 (Macintosh; Intel Mac OS X 10_13_6) AppleWebKit/605.1.15 (KHTML, like Gecko) Version/12.1 Safari/605.1.15"
172.18.0.1 - - [28/Apr/2019:02:29:07 +0000] "GET /wp-includes/js/jquery/ui/position.min.js?ver=1.11.4 HTTP/1.1" 200 2913 "http://worldwidehomedepot.local/wp-admin/" "Mozilla/5.0 (Macintosh; Intel Mac OS X 10_13_6) AppleWebKit/605.1.15 (KHTML, like Gecko) Version/12.1 Safari/605.1.15"
172.18.0.1 - - [28/Apr/2019:02:29:08 +0000] "GET /wp-includes/js/jquery/ui/menu.min.js?ver=1.11.4 HTTP/1.1" 200 3195 "http://worldwidehomedepot.local/wp-admin/" "Mozilla/5.0 (Macintosh; Intel Mac OS X 10_13_6) AppleWebKit/605.1.15 (KHTML, like Gecko) Version/12.1 Safari/605.1.15"
172.18.0.1 - - [28/Apr/2019:02:29:08 +0000] "GET /wp-includes/js/jquery/ui/autocomplete.min.js?ver=1.11.4 HTTP/1.1" 200 3219 "http://worldwidehomedepot.local/wp-admin/" "Mozilla/5.0 (Macintosh; Intel Mac OS X 10_13_6) AppleWebKit/605.1.15 (KHTML, like Gecko) Version/12.1 Safari/605.1.15"
172.18.0.1 - - [28/Apr/2019:02:29:07 +0000] "GET /wp-admin/load-scripts.php?c=0&load%5B%5D=jquery-core,jquery-migrate,utils&ver=5.1.1 HTTP/1.1" 200 38202 "http://worldwidehomedepot.local/wp-admin/" "Mozilla/5.0 (Macintosh; Intel Mac OS X 10_13_6) AppleWebKit/605.1.15 (KHTML, like Gecko) Version/12.1 Safari/605.1.15"
172.18.0.1 - - [28/Apr/2019:02:29:07 +0000] "GET /wp-admin/load-styles.php?c=0&dir=ltr&load%5B%5D=dashicons,admin-bar,common,forms,admin-menu,dashboard,list-tables,edit,revisions,media,themes,about,nav-menus,wp-pointer,widgets&load%5B%5D=,site-icon,l10n,buttons,wp-auth-check&ver=5.1.1 HTTP/1.1" 200 84553 "http://worldwidehomedepot.local/wp-admin/" "Mozilla/5.0 (Macintosh; Intel Mac OS X 10_13_6) AppleWebKit/605.1.15 (KHTML, like Gecko) Version/12.1 Safari/605.1.15"
172.18.0.1 - - [28/Apr/2019:02:29:07 +0000] "GET /wp-admin/load-scripts.php?c=0&load%5B%5D=hoverIntent,common,admin-bar,wp-ajax-response,jquery-color,wp-lists,quicktags,jquery-query,admin-comments,jquery-ui-core,jquery-&load%5B%5D=ui-widget,jquery-ui-mouse,jquery-ui-sortable,postbox,underscore,wp-util,wp-a11y,dashboard,thickbox,plugin-install,updates,shortc&load%5B%5D=ode,media-upload,svg-painter&ver=5.1.1 HTTP/1.1" 200 58569 "http://worldwidehomedepot.local/wp-admin/" "Mozilla/5.0 (Macintosh; Intel Mac OS X 10_13_6) AppleWebKit/605.1.15 (KHTML, like Gecko) Version/12.1 Safari/605.1.15"
172.18.0.1 - - [28/Apr/2019:02:29:08 +0000] "GET /wp-includes/js/wp-emoji-release.min.js?ver=5.1.1 HTTP/1.1" 200 4739 "http://worldwidehomedepot.local/wp-admin/" "Mozilla/5.0 (Macintosh; Intel Mac OS X 10_13_6) AppleWebKit/605.1.15 (KHTML, like Gecko) Version/12.1 Safari/605.1.15"
172.18.0.1 - - [28/Apr/2019:02:29:08 +0000] "GET /wp-includes/js/thickbox/loadingAnimation.gif HTTP/1.1" 200 15525 "http://worldwidehomedepot.local/wp-admin/" "Mozilla/5.0 (Macintosh; Intel Mac OS X 10_13_6) AppleWebKit/605.1.15 (KHTML, like Gecko) Version/12.1 Safari/605.1.15"
172.18.0.1 - - [28/Apr/2019:02:29:09 +0000] "GET /favicon.ico HTTP/1.1" 404 516 "http://worldwidehomedepot.local/wp-admin/" "Mozilla/5.0 (Macintosh; Intel Mac OS X 10_13_6) AppleWebKit/605.1.15 (KHTML, like Gecko) Version/12.1 Safari/605.1.15"
172.18.0.1 - - [28/Apr/2019:02:29:08 +0000] "GET /wp-admin/admin-ajax.php?action=wp-compression-test&test=1&_ajax_nonce=bbff0641a3&1556418548555 HTTP/1.1" 200 1138 "http://worldwidehomedepot.local/wp-admin/" "Mozilla/5.0 (Macintosh; Intel Mac OS X 10_13_6) AppleWebKit/605.1.15 (KHTML, like Gecko) Version/12.1 Safari/605.1.15"
172.18.0.1 - - [28/Apr/2019:02:29:08 +0000] "POST /wp-admin/admin-ajax.php HTTP/1.1" 200 1311 "http://worldwidehomedepot.local/wp-admin/" "Mozilla/5.0 (Macintosh; Intel Mac OS X 10_13_6) AppleWebKit/605.1.15 (KHTML, like Gecko) Version/12.1 Safari/605.1.15"
172.18.0.1 - - [28/Apr/2019:02:29:10 +0000] "GET /wp-admin/admin-ajax.php?action=wp-compression-test&test=no&_ajax_nonce=bbff0641a3&1556418550669 HTTP/1.1" 200 516 "http://worldwidehomedepot.local/wp-admin/" "Mozilla/5.0 (Macintosh; Intel Mac OS X 10_13_6) AppleWebKit/605.1.15 (KHTML, like Gecko) Version/12.1 Safari/605.1.15"
172.18.0.1 - - [28/Apr/2019:02:29:10 +0000] "POST /wp-admin/admin-ajax.php HTTP/1.1" 200 559 "http://worldwidehomedepot.local/wp-admin/" "Mozilla/5.0 (Macintosh; Intel Mac OS X 10_13_6) AppleWebKit/605.1.15 (KHTML, like Gecko) Version/12.1 Safari/605.1.15"
172.18.0.1 - - [28/Apr/2019:02:29:08 +0000] "GET /wp-admin/admin-ajax.php?action=dashboard-widgets&widget=dashboard_primary&pagenow=dashboard HTTP/1.1" 200 945 "http://worldwidehomedepot.local/wp-admin/" "Mozilla/5.0 (Macintosh; Intel Mac OS X 10_13_6) AppleWebKit/605.1.15 (KHTML, like Gecko) Version/12.1 Safari/605.1.15"
172.18.0.1 - - [28/Apr/2019:02:29:16 +0000] "GET /wp-admin/options-reading.php HTTP/1.1" 200 7943 "http://worldwidehomedepot.local/wp-admin/" "Mozilla/5.0 (Macintosh; Intel Mac OS X 10_13_6) AppleWebKit/605.1.15 (KHTML, like Gecko) Version/12.1 Safari/605.1.15"
172.18.0.1 - - [28/Apr/2019:02:29:17 +0000] "GET /wp-admin/load-scripts.php?c=0&load%5B%5D=hoverIntent,common,admin-bar,svg-painter&ver=5.1.1 HTTP/1.1" 200 9580 "http://worldwidehomedepot.local/wp-admin/options-reading.php" "Mozilla/5.0 (Macintosh; Intel Mac OS X 10_13_6) AppleWebKit/605.1.15 (KHTML, like Gecko) Version/12.1 Safari/605.1.15"
172.18.0.1 - - [28/Apr/2019:02:29:18 +0000] "GET /favicon.ico HTTP/1.1" 404 516 "http://worldwidehomedepot.local/wp-admin/options-reading.php" "Mozilla/5.0 (Macintosh; Intel Mac OS X 10_13_6) AppleWebKit/605.1.15 (KHTML, like Gecko) Version/12.1 Safari/605.1.15"
127.0.0.1 - - [28/Apr/2019:02:29:20 +0000] "OPTIONS * HTTP/1.0" 200 126 "-" "Apache/2.4.25 (Debian) PHP/7.2.17 (internal dummy connection)"
127.0.0.1 - - [28/Apr/2019:02:29:23 +0000] "OPTIONS * HTTP/1.0" 200 126 "-" "Apache/2.4.25 (Debian) PHP/7.2.17 (internal dummy connection)"
127.0.0.1 - - [28/Apr/2019:02:29:24 +0000] "OPTIONS * HTTP/1.0" 200 126 "-" "Apache/2.4.25 (Debian) PHP/7.2.17 (internal dummy connection)"
172.18.0.1 - - [28/Apr/2019:02:30:18 +0000] "POST /wp-admin/admin-ajax.php HTTP/1.1" 200 614 "http://worldwidehomedepot.local/wp-admin/options-reading.php" "Mozilla/5.0 (Macintosh; Intel Mac OS X 10_13_6) AppleWebKit/605.1.15 (KHTML, like Gecko) Version/12.1 Safari/605.1.15"
172.18.0.1 - - [28/Apr/2019:02:30:40 +0000] "GET /wp-admin/options-reading.php HTTP/1.1" 200 7961 "http://worldwidehomedepot.local/wp-admin/" "Mozilla/5.0 (Macintosh; Intel Mac OS X 10_13_6) AppleWebKit/605.1.15 (KHTML, like Gecko) Version/12.1 Safari/605.1.15"
172.18.0.1 - - [28/Apr/2019:02:30:44 +0000] "GET /wp-admin/network.php HTTP/1.1" 200 7386 "http://worldwidehomedepot.local/wp-admin/options-reading.php" "Mozilla/5.0 (Macintosh; Intel Mac OS X 10_13_6) AppleWebKit/605.1.15 (KHTML, like Gecko) Version/12.1 Safari/605.1.15"
172.18.0.1 - - [28/Apr/2019:02:30:46 +0000] "GET /wp-admin/load-styles.php?c=0&dir=ltr&load%5B%5D=dashicons,admin-bar,common,forms,admin-menu,dashboard,list-tables,edit,revisions,media,themes,about,nav-menus,wp-pointer,widgets&load%5B%5D=,site-icon,l10n,buttons&ver=5.1.1 HTTP/1.1" 200 84094 "http://worldwidehomedepot.local/wp-admin/network.php" "Mozilla/5.0 (Macintosh; Intel Mac OS X 10_13_6) AppleWebKit/605.1.15 (KHTML, like Gecko) Version/12.1 Safari/605.1.15"
172.18.0.1 - - [28/Apr/2019:02:30:46 +0000] "GET /favicon.ico HTTP/1.1" 404 516 "http://worldwidehomedepot.local/wp-admin/network.php" "Mozilla/5.0 (Macintosh; Intel Mac OS X 10_13_6) AppleWebKit/605.1.15 (KHTML, like Gecko) Version/12.1 Safari/605.1.15"
172.18.0.1 - - [28/Apr/2019:02:30:55 +0000] "POST /wp-admin/network.php HTTP/1.1" 200 7631 "http://worldwidehomedepot.local/wp-admin/network.php" "Mozilla/5.0 (Macintosh; Intel Mac OS X 10_13_6) AppleWebKit/605.1.15 (KHTML, like Gecko) Version/12.1 Safari/605.1.15"
172.18.0.1 - - [28/Apr/2019:02:32:06 +0000] "POST /wp-admin/network.php HTTP/1.1" 200 7349 "http://worldwidehomedepot.local/wp-admin/network.php" "Mozilla/5.0 (Macintosh; Intel Mac OS X 10_13_6) AppleWebKit/605.1.15 (KHTML, like Gecko) Version/12.1 Safari/605.1.15"
172.18.0.1 - - [28/Apr/2019:02:36:48 +0000] "POST /wp-admin/network.php HTTP/1.1" 200 7350 "http://worldwidehomedepot.local/wp-admin/network.php" "Mozilla/5.0 (Macintosh; Intel Mac OS X 10_13_6) AppleWebKit/605.1.15 (KHTML, like Gecko) Version/12.1 Safari/605.1.15"
172.18.0.1 - - [28/Apr/2019:02:36:50 +0000] "GET /wp-admin/index.php HTTP/1.1" 200 15522 "http://worldwidehomedepot.local/wp-admin/network.php" "Mozilla/5.0 (Macintosh; Intel Mac OS X 10_13_6) AppleWebKit/605.1.15 (KHTML, like Gecko) Version/12.1 Safari/605.1.15"
172.18.0.1 - - [28/Apr/2019:02:36:51 +0000] "GET /wp-includes/js/thickbox/thickbox.css?ver=5.1.1 HTTP/1.1" 200 1267 "http://worldwidehomedepot.local/wp-admin/index.php" "Mozilla/5.0 (Macintosh; Intel Mac OS X 10_13_6) AppleWebKit/605.1.15 (KHTML, like Gecko) Version/12.1 Safari/605.1.15"
172.18.0.1 - - [28/Apr/2019:02:36:51 +0000] "GET /wp-includes/js/jquery/ui/position.min.js?ver=1.11.4 HTTP/1.1" 200 2913 "http://worldwidehomedepot.local/wp-admin/index.php" "Mozilla/5.0 (Macintosh; Intel Mac OS X 10_13_6) AppleWebKit/605.1.15 (KHTML, like Gecko) Version/12.1 Safari/605.1.15"
172.18.0.1 - - [28/Apr/2019:02:36:51 +0000] "GET /wp-includes/js/heartbeat.min.js?ver=5.1.1 HTTP/1.1" 200 2398 "http://worldwidehomedepot.local/wp-admin/index.php" "Mozilla/5.0 (Macintosh; Intel Mac OS X 10_13_6) AppleWebKit/605.1.15 (KHTML, like Gecko) Version/12.1 Safari/605.1.15"
172.18.0.1 - - [28/Apr/2019:02:36:51 +0000] "GET /wp-includes/css/editor.min.css?ver=5.1.1 HTTP/1.1" 200 6239 "http://worldwidehomedepot.local/wp-admin/index.php" "Mozilla/5.0 (Macintosh; Intel Mac OS X 10_13_6) AppleWebKit/605.1.15 (KHTML, like Gecko) Version/12.1 Safari/605.1.15"
172.18.0.1 - - [28/Apr/2019:02:36:51 +0000] "GET /wp-includes/js/dist/hooks.min.js?ver=2.0.5 HTTP/1.1" 200 2063 "http://worldwidehomedepot.local/wp-admin/index.php" "Mozilla/5.0 (Macintosh; Intel Mac OS X 10_13_6) AppleWebKit/605.1.15 (KHTML, like Gecko) Version/12.1 Safari/605.1.15"
172.18.0.1 - - [28/Apr/2019:02:36:51 +0000] "GET /wp-includes/js/jquery/ui/autocomplete.min.js?ver=1.11.4 HTTP/1.1" 200 3220 "http://worldwidehomedepot.local/wp-admin/index.php" "Mozilla/5.0 (Macintosh; Intel Mac OS X 10_13_6) AppleWebKit/605.1.15 (KHTML, like Gecko) Version/12.1 Safari/605.1.15"
172.18.0.1 - - [28/Apr/2019:02:36:51 +0000] "GET /wp-includes/js/wplink.min.js?ver=5.1.1 HTTP/1.1" 200 4280 "http://worldwidehomedepot.local/wp-admin/index.php" "Mozilla/5.0 (Macintosh; Intel Mac OS X 10_13_6) AppleWebKit/605.1.15 (KHTML, like Gecko) Version/12.1 Safari/605.1.15"
172.18.0.1 - - [28/Apr/2019:02:36:51 +0000] "GET /wp-includes/js/dist/vendor/wp-polyfill.min.js?ver=7.0.0 HTTP/1.1" 200 33221 "http://worldwidehomedepot.local/wp-admin/index.php" "Mozilla/5.0 (Macintosh; Intel Mac OS X 10_13_6) AppleWebKit/605.1.15 (KHTML, like Gecko) Version/12.1 Safari/605.1.15"
172.18.0.1 - - [28/Apr/2019:02:36:51 +0000] "GET /wp-includes/js/wp-auth-check.min.js?ver=5.1.1 HTTP/1.1" 200 1130 "http://worldwidehomedepot.local/wp-admin/index.php" "Mozilla/5.0 (Macintosh; Intel Mac OS X 10_13_6) AppleWebKit/605.1.15 (KHTML, like Gecko) Version/12.1 Safari/605.1.15"
172.18.0.1 - - [28/Apr/2019:02:36:51 +0000] "GET /wp-includes/js/jquery/ui/menu.min.js?ver=1.11.4 HTTP/1.1" 200 3195 "http://worldwidehomedepot.local/wp-admin/index.php" "Mozilla/5.0 (Macintosh; Intel Mac OS X 10_13_6) AppleWebKit/605.1.15 (KHTML, like Gecko) Version/12.1 Safari/605.1.15"
172.18.0.1 - - [28/Apr/2019:02:36:51 +0000] "GET /wp-includes/js/wp-emoji-release.min.js?ver=5.1.1 HTTP/1.1" 200 4739 "http://worldwidehomedepot.local/wp-admin/index.php" "Mozilla/5.0 (Macintosh; Intel Mac OS X 10_13_6) AppleWebKit/605.1.15 (KHTML, like Gecko) Version/12.1 Safari/605.1.15"
172.18.0.1 - - [28/Apr/2019:02:36:51 +0000] "GET /wp-includes/js/thickbox/loadingAnimation.gif HTTP/1.1" 304 181 "http://worldwidehomedepot.local/wp-admin/index.php" "Mozilla/5.0 (Macintosh; Intel Mac OS X 10_13_6) AppleWebKit/605.1.15 (KHTML, like Gecko) Version/12.1 Safari/605.1.15"
172.18.0.1 - - [28/Apr/2019:02:36:52 +0000] "GET /favicon.ico HTTP/1.1" 200 229 "http://worldwidehomedepot.local/wp-admin/index.php" "Mozilla/5.0 (Macintosh; Intel Mac OS X 10_13_6) AppleWebKit/605.1.15 (KHTML, like Gecko) Version/12.1 Safari/605.1.15"
127.0.0.1 - - [28/Apr/2019:02:36:57 +0000] "OPTIONS * HTTP/1.0" 200 126 "-" "Apache/2.4.25 (Debian) PHP/7.2.17 (internal dummy connection)"
127.0.0.1 - - [28/Apr/2019:02:36:58 +0000] "OPTIONS * HTTP/1.0" 200 126 "-" "Apache/2.4.25 (Debian) PHP/7.2.17 (internal dummy connection)"
127.0.0.1 - - [28/Apr/2019:02:36:59 +0000] "OPTIONS * HTTP/1.0" 200 126 "-" "Apache/2.4.25 (Debian) PHP/7.2.17 (internal dummy connection)"
172.18.0.1 - - [28/Apr/2019:02:37:08 +0000] "GET /wp-admin/network.php HTTP/1.1" 200 7445 "http://worldwidehomedepot.local/wp-admin/network.php" "Mozilla/5.0 (Macintosh; Intel Mac OS X 10_13_6) AppleWebKit/605.1.15 (KHTML, like Gecko) Version/12.1 Safari/605.1.15"
172.18.0.1 - - [28/Apr/2019:02:37:15 +0000] "GET / HTTP/1.1" 200 5767 "-" "Mozilla/5.0 (Macintosh; Intel Mac OS X 10_13_6) AppleWebKit/605.1.15 (KHTML, like Gecko) Version/12.1 Safari/605.1.15"
172.18.0.1 - - [28/Apr/2019:02:37:15 +0000] "GET / HTTP/1.1" 200 5767 "-" "Mozilla/5.0 (Macintosh; Intel Mac OS X 10_13_6) AppleWebKit/605.1.15 (KHTML, like Gecko) Version/12.1 Safari/605.1.15"
172.18.0.1 - - [28/Apr/2019:02:37:17 +0000] "GET /wp-includes/css/admin-bar.min.css?ver=5.1.1 HTTP/1.1" 200 4267 "http://worldwidehomedepot.local/" "Mozilla/5.0 (Macintosh; Intel Mac OS X 10_13_6) AppleWebKit/605.1.15 (KHTML, like Gecko) Version/12.1 Safari/605.1.15"
172.18.0.1 - - [28/Apr/2019:02:37:17 +0000] "GET /wp-includes/js/wp-embed.min.js?ver=5.1.1 HTTP/1.1" 200 1102 "http://worldwidehomedepot.local/" "Mozilla/5.0 (Macintosh; Intel Mac OS X 10_13_6) AppleWebKit/605.1.15 (KHTML, like Gecko) Version/12.1 Safari/605.1.15"
172.18.0.1 - - [28/Apr/2019:02:37:17 +0000] "GET /wp-includes/js/admin-bar.min.js?ver=5.1.1 HTTP/1.1" 200 2831 "http://worldwidehomedepot.local/" "Mozilla/5.0 (Macintosh; Intel Mac OS X 10_13_6) AppleWebKit/605.1.15 (KHTML, like Gecko) Version/12.1 Safari/605.1.15"
172.18.0.1 - - [28/Apr/2019:02:37:17 +0000] "GET /wp-includes/css/dist/block-library/theme.min.css?ver=5.1.1 HTTP/1.1" 200 778 "http://worldwidehomedepot.local/" "Mozilla/5.0 (Macintosh; Intel Mac OS X 10_13_6) AppleWebKit/605.1.15 (KHTML, like Gecko) Version/12.1 Safari/605.1.15"
172.18.0.1 - - [28/Apr/2019:02:37:17 +0000] "GET /wp-content/themes/twentynineteen/print.css?ver=1.3 HTTP/1.1" 200 1567 "http://worldwidehomedepot.local/" "Mozilla/5.0 (Macintosh; Intel Mac OS X 10_13_6) AppleWebKit/605.1.15 (KHTML, like Gecko) Version/12.1 Safari/605.1.15"
172.18.0.1 - - [28/Apr/2019:02:37:17 +0000] "GET /wp-includes/css/dashicons.min.css?ver=5.1.1 HTTP/1.1" 200 28981 "http://worldwidehomedepot.local/" "Mozilla/5.0 (Macintosh; Intel Mac OS X 10_13_6) AppleWebKit/605.1.15 (KHTML, like Gecko) Version/12.1 Safari/605.1.15"
172.18.0.1 - - [28/Apr/2019:02:37:17 +0000] "GET /wp-includes/css/dist/block-library/style.min.css?ver=5.1.1 HTTP/1.1" 200 4596 "http://worldwidehomedepot.local/" "Mozilla/5.0 (Macintosh; Intel Mac OS X 10_13_6) AppleWebKit/605.1.15 (KHTML, like Gecko) Version/12.1 Safari/605.1.15"
172.18.0.1 - - [28/Apr/2019:02:37:17 +0000] "GET /wp-content/themes/twentynineteen/style.css?ver=1.3 HTTP/1.1" 200 30318 "http://worldwidehomedepot.local/" "Mozilla/5.0 (Macintosh; Intel Mac OS X 10_13_6) AppleWebKit/605.1.15 (KHTML, like Gecko) Version/12.1 Safari/605.1.15"
172.18.0.1 - - [28/Apr/2019:02:37:22 +0000] "GET /wp-admin/ HTTP/1.1" 200 15514 "http://worldwidehomedepot.local/" "Mozilla/5.0 (Macintosh; Intel Mac OS X 10_13_6) AppleWebKit/605.1.15 (KHTML, like Gecko) Version/12.1 Safari/605.1.15"
127.0.0.1 - - [28/Apr/2019:02:37:28 +0000] "OPTIONS * HTTP/1.0" 200 126 "-" "Apache/2.4.25 (Debian) PHP/7.2.17 (internal dummy connection)"
172.18.0.1 - - [28/Apr/2019:02:37:29 +0000] "GET /wp-admin/network.php HTTP/1.1" 200 7445 "http://worldwidehomedepot.local/wp-admin/" "Mozilla/5.0 (Macintosh; Intel Mac OS X 10_13_6) AppleWebKit/605.1.15 (KHTML, like Gecko) Version/12.1 Safari/605.1.15"
172.18.0.1 - - [28/Apr/2019:02:37:47 +0000] "GET /wp-admin/network.php HTTP/1.1" 200 7445 "http://worldwidehomedepot.local/wp-admin/" "Mozilla/5.0 (Macintosh; Intel Mac OS X 10_13_6) AppleWebKit/605.1.15 (KHTML, like Gecko) Version/12.1 Safari/605.1.15"
172.18.0.1 - - [28/Apr/2019:02:38:12 +0000] "GET /wp-admin/network.php HTTP/1.1" 302 491 "http://worldwidehomedepot.local/wp-admin/" "Mozilla/5.0 (Macintosh; Intel Mac OS X 10_13_6) AppleWebKit/605.1.15 (KHTML, like Gecko) Version/12.1 Safari/605.1.15"
172.18.0.1 - - [28/Apr/2019:02:38:15 +0000] "GET /wp-login.php?redirect_to=http%3A%2F%2Fworldwidehomedepot.local%2Fwp-admin%2Fnetwork.php&reauth=1 HTTP/1.1" 200 4338 "http://worldwidehomedepot.local/wp-admin/" "Mozilla/5.0 (Macintosh; Intel Mac OS X 10_13_6) AppleWebKit/605.1.15 (KHTML, like Gecko) Version/12.1 Safari/605.1.15"
172.18.0.1 - - [28/Apr/2019:02:38:16 +0000] "GET /wp-includes/css/buttons.min.css?ver=5.1.1 HTTP/1.1" 200 1851 "http://worldwidehomedepot.local/wp-login.php?redirect_to=http%3A%2F%2Fworldwidehomedepot.local%2Fwp-admin%2Fnetwork.php&reauth=1" "Mozilla/5.0 (Macintosh; Intel Mac OS X 10_13_6) AppleWebKit/605.1.15 (KHTML, like Gecko) Version/12.1 Safari/605.1.15"
172.18.0.1 - - [28/Apr/2019:02:38:16 +0000] "GET /wp-admin/css/login.min.css?ver=5.1.1 HTTP/1.1" 200 7128 "http://worldwidehomedepot.local/wp-login.php?redirect_to=http%3A%2F%2Fworldwidehomedepot.local%2Fwp-admin%2Fnetwork.php&reauth=1" "Mozilla/5.0 (Macintosh; Intel Mac OS X 10_13_6) AppleWebKit/605.1.15 (KHTML, like Gecko) Version/12.1 Safari/605.1.15"
172.18.0.1 - - [28/Apr/2019:02:38:16 +0000] "GET /wp-admin/css/l10n.min.css?ver=5.1.1 HTTP/1.1" 200 1022 "http://worldwidehomedepot.local/wp-login.php?redirect_to=http%3A%2F%2Fworldwidehomedepot.local%2Fwp-admin%2Fnetwork.php&reauth=1" "Mozilla/5.0 (Macintosh; Intel Mac OS X 10_13_6) AppleWebKit/605.1.15 (KHTML, like Gecko) Version/12.1 Safari/605.1.15"
172.18.0.1 - - [28/Apr/2019:02:38:16 +0000] "GET /wp-admin/css/forms.min.css?ver=5.1.1 HTTP/1.1" 200 5743 "http://worldwidehomedepot.local/wp-login.php?redirect_to=http%3A%2F%2Fworldwidehomedepot.local%2Fwp-admin%2Fnetwork.php&reauth=1" "Mozilla/5.0 (Macintosh; Intel Mac OS X 10_13_6) AppleWebKit/605.1.15 (KHTML, like Gecko) Version/12.1 Safari/605.1.15"
172.18.0.1 - - [28/Apr/2019:02:38:16 +0000] "GET /wp-admin/images/wordpress-logo.svg?ver=20131107 HTTP/1.1" 304 180 "http://worldwidehomedepot.local/wp-login.php?redirect_to=http%3A%2F%2Fworldwidehomedepot.local%2Fwp-admin%2Fnetwork.php&reauth=1" "Mozilla/5.0 (Macintosh; Intel Mac OS X 10_13_6) AppleWebKit/605.1.15 (KHTML, like Gecko) Version/12.1 Safari/605.1.15"
172.18.0.1 - - [28/Apr/2019:02:38:16 +0000] "GET /favicon.ico HTTP/1.1" 200 229 "http://worldwidehomedepot.local/wp-login.php?redirect_to=http%3A%2F%2Fworldwidehomedepot.local%2Fwp-admin%2Fnetwork.php&reauth=1" "Mozilla/5.0 (Macintosh; Intel Mac OS X 10_13_6) AppleWebKit/605.1.15 (KHTML, like Gecko) Version/12.1 Safari/605.1.15"
172.18.0.1 - - [28/Apr/2019:02:38:20 +0000] "POST /wp-login.php HTTP/1.1" 302 1289 "http://worldwidehomedepot.local/wp-login.php?redirect_to=http%3A%2F%2Fworldwidehomedepot.local%2Fwp-admin%2Fnetwork.php&reauth=1" "Mozilla/5.0 (Macintosh; Intel Mac OS X 10_13_6) AppleWebKit/605.1.15 (KHTML, like Gecko) Version/12.1 Safari/605.1.15"
172.18.0.1 - - [28/Apr/2019:02:38:21 +0000] "GET /wp-admin/network.php HTTP/1.1" 302 499 "http://worldwidehomedepot.local/wp-login.php?redirect_to=http%3A%2F%2Fworldwidehomedepot.local%2Fwp-admin%2Fnetwork.php&reauth=1" "Mozilla/5.0 (Macintosh; Intel Mac OS X 10_13_6) AppleWebKit/605.1.15 (KHTML, like Gecko) Version/12.1 Safari/605.1.15"
172.18.0.1 - - [28/Apr/2019:02:38:27 +0000] "GET /wp-admin/network/setup.php HTTP/1.1" 200 7808 "http://worldwidehomedepot.local/wp-login.php?redirect_to=http%3A%2F%2Fworldwidehomedepot.local%2Fwp-admin%2Fnetwork.php&reauth=1" "Mozilla/5.0 (Macintosh; Intel Mac OS X 10_13_6) AppleWebKit/605.1.15 (KHTML, like Gecko) Version/12.1 Safari/605.1.15"
172.18.0.1 - - [28/Apr/2019:02:38:29 +0000] "GET /favicon.ico HTTP/1.1" 200 229 "http://worldwidehomedepot.local/wp-admin/network/setup.php" "Mozilla/5.0 (Macintosh; Intel Mac OS X 10_13_6) AppleWebKit/605.1.15 (KHTML, like Gecko) Version/12.1 Safari/605.1.15"
172.18.0.1 - - [28/Apr/2019:02:38:29 +0000] "GET /wp-admin/admin-ajax.php?action=wp-compression-test&test=1&_ajax_nonce=dd74d34d44&1556419109126 HTTP/1.1" 200 1138 "http://worldwidehomedepot.local/wp-admin/network/setup.php" "Mozilla/5.0 (Macintosh; Intel Mac OS X 10_13_6) AppleWebKit/605.1.15 (KHTML, like Gecko) Version/12.1 Safari/605.1.15"
172.18.0.1 - - [28/Apr/2019:02:38:30 +0000] "GET /wp-admin/admin-ajax.php?action=wp-compression-test&test=no&_ajax_nonce=dd74d34d44&1556419110308 HTTP/1.1" 200 516 "http://worldwidehomedepot.local/wp-admin/network/setup.php" "Mozilla/5.0 (Macintosh; Intel Mac OS X 10_13_6) AppleWebKit/605.1.15 (KHTML, like Gecko) Version/12.1 Safari/605.1.15"
172.18.0.1 - - [28/Apr/2019:02:39:29 +0000] "POST /wp-admin/admin-ajax.php HTTP/1.1" 200 614 "http://worldwidehomedepot.local/wp-admin/network/setup.php" "Mozilla/5.0 (Macintosh; Intel Mac OS X 10_13_6) AppleWebKit/605.1.15 (KHTML, like Gecko) Version/12.1 Safari/605.1.15"
172.18.0.1 - - [28/Apr/2019:02:40:07 +0000] "GET /wp-admin/network/sites.php HTTP/1.1" 200 8224 "http://worldwidehomedepot.local/wp-admin/network/setup.php" "Mozilla/5.0 (Macintosh; Intel Mac OS X 10_13_6) AppleWebKit/605.1.15 (KHTML, like Gecko) Version/12.1 Safari/605.1.15"
172.18.0.1 - - [28/Apr/2019:02:40:09 +0000] "GET /favicon.ico HTTP/1.1" 200 229 "http://worldwidehomedepot.local/wp-admin/network/sites.php" "Mozilla/5.0 (Macintosh; Intel Mac OS X 10_13_6) AppleWebKit/605.1.15 (KHTML, like Gecko) Version/12.1 Safari/605.1.15"
172.18.0.1 - - [28/Apr/2019:02:40:12 +0000] "GET /wp-admin/network/site-info.php?id=1 HTTP/1.1" 200 7234 "http://worldwidehomedepot.local/wp-admin/network/sites.php" "Mozilla/5.0 (Macintosh; Intel Mac OS X 10_13_6) AppleWebKit/605.1.15 (KHTML, like Gecko) Version/12.1 Safari/605.1.15"
172.18.0.1 - - [28/Apr/2019:02:40:13 +0000] "GET /favicon.ico HTTP/1.1" 200 228 "http://worldwidehomedepot.local/wp-admin/network/site-info.php?id=1" "Mozilla/5.0 (Macintosh; Intel Mac OS X 10_13_6) AppleWebKit/605.1.15 (KHTML, like Gecko) Version/12.1 Safari/605.1.15"
172.18.0.1 - - [28/Apr/2019:02:40:16 +0000] "GET /wp-admin/network/site-settings.php?id=1 HTTP/1.1" 200 10559 "http://worldwidehomedepot.local/wp-admin/network/site-info.php?id=1" "Mozilla/5.0 (Macintosh; Intel Mac OS X 10_13_6) AppleWebKit/605.1.15 (KHTML, like Gecko) Version/12.1 Safari/605.1.15"
172.18.0.1 - - [28/Apr/2019:02:40:17 +0000] "GET /favicon.ico HTTP/1.1" 200 228 "http://worldwidehomedepot.local/wp-admin/network/site-settings.php?id=1" "Mozilla/5.0 (Macintosh; Intel Mac OS X 10_13_6) AppleWebKit/605.1.15 (KHTML, like Gecko) Version/12.1 Safari/605.1.15"
172.18.0.1 - - [28/Apr/2019:02:40:22 +0000] "GET /wp-admin/network/sites.php HTTP/1.1" 200 8224 "http://worldwidehomedepot.local/wp-admin/network/site-settings.php?id=1" "Mozilla/5.0 (Macintosh; Intel Mac OS X 10_13_6) AppleWebKit/605.1.15 (KHTML, like Gecko) Version/12.1 Safari/605.1.15"
172.18.0.1 - - [28/Apr/2019:02:40:27 +0000] "GET /wp-admin/network/site-new.php HTTP/1.1" 200 9418 "http://worldwidehomedepot.local/wp-admin/network/sites.php" "Mozilla/5.0 (Macintosh; Intel Mac OS X 10_13_6) AppleWebKit/605.1.15 (KHTML, like Gecko) Version/12.1 Safari/605.1.15"
172.18.0.1 - - [28/Apr/2019:02:40:30 +0000] "GET /wp-admin/load-scripts.php?c=0&load%5B%5D=hoverIntent,common,admin-bar,jquery-ui-core,jquery-ui-widget,jquery-ui-position,jquery-ui-menu,wp-a11y,jquery-ui-autocomplete,us&load%5B%5D=er-suggest,svg-painter&ver=5.1.1 HTTP/1.1" 200 20236 "http://worldwidehomedepot.local/wp-admin/network/site-new.php" "Mozilla/5.0 (Macintosh; Intel Mac OS X 10_13_6) AppleWebKit/605.1.15 (KHTML, like Gecko) Version/12.1 Safari/605.1.15"
172.18.0.1 - - [28/Apr/2019:02:40:30 +0000] "GET /favicon.ico HTTP/1.1" 200 229 "http://worldwidehomedepot.local/wp-admin/network/site-new.php" "Mozilla/5.0 (Macintosh; Intel Mac OS X 10_13_6) AppleWebKit/605.1.15 (KHTML, like Gecko) Version/12.1 Safari/605.1.15"
172.18.0.1 - - [28/Apr/2019:02:41:00 +0000] "GET /wp-admin/images/loading.gif HTTP/1.1" 200 1659 "http://worldwidehomedepot.local/wp-admin/network/site-new.php" "Mozilla/5.0 (Macintosh; Intel Mac OS X 10_13_6) AppleWebKit/605.1.15 (KHTML, like Gecko) Version/12.1 Safari/605.1.15"
172.18.0.1 - - [28/Apr/2019:02:41:01 +0000] "GET /wp-admin/admin-ajax.php?action=autocomplete-user&autocomplete_type=search&autocomplete_field=user_email&term=ju HTTP/1.1" 200 525 "http://worldwidehomedepot.local/wp-admin/network/site-new.php" "Mozilla/5.0 (Macintosh; Intel Mac OS X 10_13_6) AppleWebKit/605.1.15 (KHTML, like Gecko) Version/12.1 Safari/605.1.15"
172.18.0.1 - - [28/Apr/2019:02:41:00 +0000] "GET /wp-admin/admin-ajax.php?action=autocomplete-user&autocomplete_type=search&autocomplete_field=user_email&term=ja HTTP/1.1" 200 526 "http://worldwidehomedepot.local/wp-admin/network/site-new.php" "Mozilla/5.0 (Macintosh; Intel Mac OS X 10_13_6) AppleWebKit/605.1.15 (KHTML, like Gecko) Version/12.1 Safari/605.1.15"
172.18.0.1 - - [28/Apr/2019:02:41:04 +0000] "POST /wp-admin/network/site-new.php?action=add-site HTTP/1.1" 302 471 "http://worldwidehomedepot.local/wp-admin/network/site-new.php" "Mozilla/5.0 (Macintosh; Intel Mac OS X 10_13_6) AppleWebKit/605.1.15 (KHTML, like Gecko) Version/12.1 Safari/605.1.15"
172.18.0.1 - - [28/Apr/2019:02:41:14 +0000] "GET /wp-admin/network/site-new.php?update=added&id=2 HTTP/1.1" 200 9564 "http://worldwidehomedepot.local/wp-admin/network/site-new.php" "Mozilla/5.0 (Macintosh; Intel Mac OS X 10_13_6) AppleWebKit/605.1.15 (KHTML, like Gecko) Version/12.1 Safari/605.1.15"
172.18.0.1 - - [28/Apr/2019:02:41:15 +0000] "GET /favicon.ico HTTP/1.1" 200 229 "http://worldwidehomedepot.local/wp-admin/network/site-new.php?id=2" "Mozilla/5.0 (Macintosh; Intel Mac OS X 10_13_6) AppleWebKit/605.1.15 (KHTML, like Gecko) Version/12.1 Safari/605.1.15"
172.18.0.1 - - [28/Apr/2019:02:42:15 +0000] "POST /wp-admin/admin-ajax.php HTTP/1.1" 200 614 "http://worldwidehomedepot.local/wp-admin/network/site-new.php?id=2" "Mozilla/5.0 (Macintosh; Intel Mac OS X 10_13_6) AppleWebKit/605.1.15 (KHTML, like Gecko) Version/12.1 Safari/605.1.15"
